Copyright 1986-2022 Xilinx, Inc. All Rights Reserved. Copyright 2022-2024 Advanced Micro Devices, Inc. All Rights Reserved.
---------------------------------------------------------------------------------------------------------------------------------------------
| Tool Version : Vivado v.2024.1 (win64) Build 5076996 Wed May 22 18:37:14 MDT 2024
| Date         : Tue Nov 12 14:59:01 2024
| Host         : LAPTOP-3R2FRT74 running 64-bit major release  (build 9200)
| Command      : report_control_sets -verbose -file processor_control_sets_placed.rpt
| Design       : processor
| Device       : xc7a100t
---------------------------------------------------------------------------------------------------------------------------------------------

Control Set Information

Table of Contents
-----------------
1. Summary
2. Histogram
3. Flip-Flop Distribution
4. Detailed Control Set Information

1. Summary
----------

+----------------------------------------------------------+-------+
|                          Status                          | Count |
+----------------------------------------------------------+-------+
| Total control sets                                       |    23 |
|    Minimum number of control sets                        |    23 |
|    Addition due to synthesis replication                 |     0 |
|    Addition due to physical synthesis replication        |     0 |
| Unused register locations in slices containing registers |    12 |
+----------------------------------------------------------+-------+
* Control sets can be merged at opt_design using control_set_merge or merge_equivalent_drivers
** Run report_qor_suggestions for automated merging and remapping suggestions


2. Histogram
------------

+--------------------+-------+
|       Fanout       | Count |
+--------------------+-------+
| Total control sets |    23 |
| >= 0 to < 4        |     2 |
| >= 4 to < 6        |     0 |
| >= 6 to < 8        |     0 |
| >= 8 to < 10       |     0 |
| >= 10 to < 12      |     0 |
| >= 12 to < 14      |     0 |
| >= 14 to < 16      |     0 |
| >= 16              |    21 |
+--------------------+-------+
* Control sets can be remapped at either synth_design or opt_design


3. Flip-Flop Distribution
-------------------------

+--------------+-----------------------+------------------------+-----------------+--------------+
| Clock Enable | Synchronous Set/Reset | Asynchronous Set/Reset | Total Registers | Total Slices |
+--------------+-----------------------+------------------------+-----------------+--------------+
| No           | No                    | No                     |               3 |            1 |
| No           | No                    | Yes                    |               0 |            0 |
| No           | Yes                   | No                     |               0 |            0 |
| Yes          | No                    | No                     |               0 |            0 |
| Yes          | No                    | Yes                    |               0 |            0 |
| Yes          | Yes                   | No                     |             705 |          306 |
+--------------+-----------------------+------------------------+-----------------+--------------+


4. Detailed Control Set Information
-----------------------------------

+-----------------+--------------------+------------------+------------------+----------------+--------------+
|   Clock Signal  |    Enable Signal   | Set/Reset Signal | Slice Load Count | Bel Load Count | Bels / Slice |
+-----------------+--------------------+------------------+------------------+----------------+--------------+
|  dclk_IBUF_BUFG | interrupt_IBUF     | IR/dec[0]        |                1 |              1 |         1.00 |
|  dclk_IBUF_BUFG |                    |                  |                1 |              3 |         3.00 |
| ~dclk_IBUF_BUFG | conunit/tstep/t[4] | clr_IBUF         |               13 |             32 |         2.46 |
| ~dclk_IBUF_BUFG | conunit/tstep/t[0] | clr_IBUF         |               10 |             32 |         3.20 |
| ~dclk_IBUF_BUFG | conunit/tstep/t[3] | clr_IBUF         |               29 |             32 |         1.10 |
| ~dclk_IBUF_BUFG | conunit/tstep/t[1] | clr_IBUF         |                8 |             32 |         4.00 |
| ~dclk_IBUF_BUFG | IR/decoded[1]      | clr_IBUF         |                8 |             32 |         4.00 |
| ~dclk_IBUF_BUFG | IR/decoded[4]      | clr_IBUF         |               11 |             32 |         2.91 |
| ~dclk_IBUF_BUFG | IR/decoded[3]      | clr_IBUF         |                8 |             32 |         4.00 |
| ~dclk_IBUF_BUFG | IR/decoded[5]      | clr_IBUF         |               11 |             32 |         2.91 |
| ~dclk_IBUF_BUFG | IR/decoded[8]      | clr_IBUF         |               15 |             32 |         2.13 |
| ~dclk_IBUF_BUFG | IR/decoded[12]     | clr_IBUF         |               12 |             32 |         2.67 |
| ~dclk_IBUF_BUFG | IR/decoded[0]      | clr_IBUF         |                9 |             32 |         3.56 |
| ~dclk_IBUF_BUFG | IR/decoded[2]      | clr_IBUF         |                9 |             32 |         3.56 |
| ~dclk_IBUF_BUFG | IR/decoded[13]     | clr_IBUF         |               15 |             32 |         2.13 |
| ~dclk_IBUF_BUFG | IR/decoded[14]     | clr_IBUF         |                9 |             32 |         3.56 |
| ~dclk_IBUF_BUFG | IR/decoded[11]     | clr_IBUF         |               15 |             32 |         2.13 |
| ~dclk_IBUF_BUFG | IR/decoded[6]      | clr_IBUF         |               15 |             32 |         2.13 |
| ~dclk_IBUF_BUFG | IR/decoded[9]      | clr_IBUF         |               13 |             32 |         2.46 |
| ~dclk_IBUF_BUFG | IR/decoded[7]      | clr_IBUF         |               12 |             32 |         2.67 |
| ~dclk_IBUF_BUFG | IR/decoded[10]     | clr_IBUF         |                9 |             32 |         3.56 |
| ~dclk_IBUF_BUFG | IR/sig[0]          | clr_IBUF         |               10 |             32 |         3.20 |
| ~dclk_IBUF_BUFG | conunit/tstep/t[2] | clr_IBUF         |               64 |             64 |         1.00 |
+-----------------+--------------------+------------------+------------------+----------------+--------------+


