#-----------------------------------------------------------
# Vivado v2024.1 (64-bit)
# SW Build 5076996 on Wed May 22 18:37:14 MDT 2024
# IP Build 5075265 on Wed May 22 21:45:21 MDT 2024
# SharedData Build 5076995 on Wed May 22 18:29:18 MDT 2024
# Start of session at: Tue Nov 12 14:58:27 2024
# Process ID: 17044
# Current directory: D:/demo_cpu/demo_cpu.runs/impl_1
# Command line: vivado.exe -log processor.vdi -applog -product Vivado -messageDb vivado.pb -mode batch -source processor.tcl -notrace
# Log file: D:/demo_cpu/demo_cpu.runs/impl_1/processor.vdi
# Journal file: D:/demo_cpu/demo_cpu.runs/impl_1\vivado.jou
# Running On        :LAPTOP-3R2FRT74
# Platform          :Windows Server 2016 or Windows 10
# Operating System  :22631
# Processor Detail  :11th Gen Intel(R) Core(TM) i5-1135G7 @ 2.40GHz
# CPU Frequency     :2419 MHz
# CPU Physical cores:4
# CPU Logical cores :8
# Host memory       :8269 MB
# Swap memory       :6442 MB
# Total Virtual     :14712 MB
# Available Virtual :3546 MB
#-----------------------------------------------------------
source processor.tcl -notrace
