INFO: [VRFC 10-2263] Analyzing Verilog file "D:/demo_cpu/demo_cpu.gen/sources_1/ip/data_mem/sim/data_mem.v" into library xil_defaultlib
INFO: [VRFC 10-311] analyzing module data_mem
INFO: [VRFC 10-2263] Analyzing Verilog file "D:/demo_cpu/demo_cpu.gen/sources_1/ip/instruction_mem/sim/instruction_mem.v" into library xil_defaultlib
INFO: [VRFC 10-311] analyzing module instruction_mem
INFO: [VRFC 10-2263] Analyzing Verilog file "D:/demo_cpu/demo_cpu.srcs/sources_1/imports/sources_1/new/ALU.v" into library xil_defaultlib
INFO: [VRFC 10-311] analyzing module ALU
INFO: [VRFC 10-2263] Analyzing Verilog file "D:/demo_cpu/demo_cpu.srcs/sources_1/imports/sources_1/imports/Q2/CLA_16_bit_lookahead.v" into library xil_defaultlib
INFO: [VRFC 10-311] analyzing module CLA_16_bit_lookahead
INFO: [VRFC 10-2263] Analyzing Verilog file "D:/demo_cpu/demo_cpu.srcs/sources_1/imports/sources_1/imports/Q2/CLA_4_bit_augmented.v" into library xil_defaultlib
INFO: [VRFC 10-311] analyzing module CLA_4_bit_augmented
INFO: [VRFC 10-2263] Analyzing Verilog file "D:/demo_cpu/demo_cpu.srcs/sources_1/imports/sources_1/new/MUX_2to1.v" into library xil_defaultlib
INFO: [VRFC 10-311] analyzing module MUX_2to1
INFO: [VRFC 10-2263] Analyzing Verilog file "D:/demo_cpu/demo_cpu.srcs/sources_1/new/MUX_4to1.v" into library xil_defaultlib
INFO: [VRFC 10-311] analyzing module MUX_4to1
INFO: [VRFC 10-2263] Analyzing Verilog file "D:/demo_cpu/demo_cpu.srcs/sources_1/imports/new/PIPO_module.v" into library xil_defaultlib
INFO: [VRFC 10-311] analyzing module PIPO_module
INFO: [VRFC 10-2263] Analyzing Verilog file "D:/demo_cpu/demo_cpu.srcs/sources_1/imports/sources_1/new/add_module.v" into library xil_defaultlib
INFO: [VRFC 10-311] analyzing module add_module
INFO: [VRFC 10-2263] Analyzing Verilog file "D:/demo_cpu/demo_cpu.srcs/sources_1/imports/sources_1/new/adder_2bit.v" into library xil_defaultlib
INFO: [VRFC 10-311] analyzing module adder_2bit
INFO: [VRFC 10-2263] Analyzing Verilog file "D:/demo_cpu/demo_cpu.srcs/sources_1/imports/sources_1/new/adder_3bit.v" into library xil_defaultlib
INFO: [VRFC 10-311] analyzing module adder_3bit
INFO: [VRFC 10-2263] Analyzing Verilog file "D:/demo_cpu/demo_cpu.srcs/sources_1/imports/sources_1/new/and_module.v" into library xil_defaultlib
INFO: [VRFC 10-311] analyzing module and_module
INFO: [VRFC 10-2263] Analyzing Verilog file "D:/demo_cpu/demo_cpu.srcs/sources_1/new/comparator.v" into library xil_defaultlib
INFO: [VRFC 10-311] analyzing module comparator
INFO: [VRFC 10-2263] Analyzing Verilog file "D:/demo_cpu/demo_cpu.srcs/sources_1/imports/sources_1/new/complement_module.v" into library xil_defaultlib
INFO: [VRFC 10-311] analyzing module complement_module
INFO: [VRFC 10-2263] Analyzing Verilog file "D:/demo_cpu/demo_cpu.srcs/sources_1/new/computational_block.v" into library xil_defaultlib
INFO: [VRFC 10-311] analyzing module computational_block
INFO: [VRFC 10-2263] Analyzing Verilog file "D:/demo_cpu/demo_cpu.srcs/sources_1/new/control_unit.v" into library xil_defaultlib
INFO: [VRFC 10-311] analyzing module control_unit
INFO: [VRFC 10-2263] Analyzing Verilog file "D:/demo_cpu/demo_cpu.srcs/sources_1/new/decoder_16bit.v" into library xil_defaultlib
INFO: [VRFC 10-311] analyzing module decoder_16bit
INFO: [VRFC 10-2263] Analyzing Verilog file "D:/demo_cpu/demo_cpu.srcs/sources_1/new/decoder_8bit.v" into library xil_defaultlib
INFO: [VRFC 10-311] analyzing module decoder_3to8
INFO: [VRFC 10-2263] Analyzing Verilog file "D:/demo_cpu/demo_cpu.srcs/sources_1/imports/sources_1/imports/Q1/full_adder.v" into library xil_defaultlib
INFO: [VRFC 10-311] analyzing module full_adder
INFO: [VRFC 10-2263] Analyzing Verilog file "D:/demo_cpu/demo_cpu.srcs/sources_1/imports/sources_1/new/hamm.v" into library xil_defaultlib
INFO: [VRFC 10-311] analyzing module hamm
INFO: [VRFC 10-2263] Analyzing Verilog file "D:/demo_cpu/demo_cpu.srcs/sources_1/new/instruction_decoder.v" into library xil_defaultlib
INFO: [VRFC 10-311] analyzing module instruction_decoder
INFO: [VRFC 10-2263] Analyzing Verilog file "D:/demo_cpu/demo_cpu.srcs/sources_1/imports/sources_1/imports/Q2/look_ahead_unit.v" into library xil_defaultlib
INFO: [VRFC 10-311] analyzing module look_ahead_unit
INFO: [VRFC 10-2263] Analyzing Verilog file "D:/demo_cpu/demo_cpu.srcs/sources_1/imports/sources_1/new/lui_module.v" into library xil_defaultlib
INFO: [VRFC 10-311] analyzing module lui_module
INFO: [VRFC 10-2263] Analyzing Verilog file "D:/demo_cpu/demo_cpu.srcs/sources_1/imports/sources_1/imports/ALU/mux_2_1.v" into library xil_defaultlib
INFO: [VRFC 10-311] analyzing module mux2to1
INFO: [VRFC 10-2263] Analyzing Verilog file "D:/demo_cpu/demo_cpu.srcs/sources_1/imports/sources_1/imports/shift/mux_32_1.v" into library xil_defaultlib
INFO: [VRFC 10-311] analyzing module mux32_1
INFO: [VRFC 10-2263] Analyzing Verilog file "D:/demo_cpu/demo_cpu.srcs/sources_1/imports/sources_1/new/or_module.v" into library xil_defaultlib
INFO: [VRFC 10-311] analyzing module or_module
INFO: [VRFC 10-2263] Analyzing Verilog file "D:/demo_cpu/demo_cpu.srcs/sources_1/new/processor.v" into library xil_defaultlib
INFO: [VRFC 10-311] analyzing module processor
INFO: [VRFC 10-2263] Analyzing Verilog file "D:/demo_cpu/demo_cpu.srcs/sources_1/imports/new/register_bank.v" into library xil_defaultlib
INFO: [VRFC 10-311] analyzing module register_bank
INFO: [VRFC 10-2263] Analyzing Verilog file "D:/demo_cpu/demo_cpu.srcs/sources_1/imports/sources_1/imports/ALU/reverse_bits.v" into library xil_defaultlib
INFO: [VRFC 10-311] analyzing module reverse_bits
INFO: [VRFC 10-2263] Analyzing Verilog file "D:/demo_cpu/demo_cpu.srcs/sources_1/imports/sources_1/imports/ALU/sar_module.v" into library xil_defaultlib
INFO: [VRFC 10-311] analyzing module sar_module
INFO: [VRFC 10-2263] Analyzing Verilog file "D:/demo_cpu/demo_cpu.srcs/sources_1/new/signextend.v" into library xil_defaultlib
INFO: [VRFC 10-311] analyzing module signextend
INFO: [VRFC 10-2263] Analyzing Verilog file "D:/demo_cpu/demo_cpu.srcs/sources_1/imports/sources_1/imports/ALU/sll_module.v" into library xil_defaultlib
INFO: [VRFC 10-311] analyzing module sll_module
INFO: [VRFC 10-2263] Analyzing Verilog file "D:/demo_cpu/demo_cpu.srcs/sources_1/imports/sources_1/imports/ALU/slr_module.v" into library xil_defaultlib
INFO: [VRFC 10-311] analyzing module slr_module
INFO: [VRFC 10-2263] Analyzing Verilog file "D:/demo_cpu/demo_cpu.srcs/sources_1/new/time_step.v" into library xil_defaultlib
INFO: [VRFC 10-311] analyzing module time_step
INFO: [VRFC 10-2263] Analyzing Verilog file "D:/demo_cpu/demo_cpu.srcs/sources_1/imports/sources_1/new/xor_module.v" into library xil_defaultlib
INFO: [VRFC 10-311] analyzing module xor_module
INFO: [VRFC 10-2263] Analyzing Verilog file "D:/demo_cpu/demo_cpu.srcs/sim_1/new/processor_tb.v" into library xil_defaultlib
INFO: [VRFC 10-311] analyzing module processor_tb
